AC_CHECK_HEADER([expected],, AC_MSG_ERROR([expected is missing]))
